// Jest Snapshot v1, https://goo.gl/fbAQLP

exports[`Button when rendering it renders correctly 1`] = `
<button
  class="button"
  type="button"
>
   Lookup Vehicle 
</button>
`;
