// Jest Snapshot v1, https://goo.gl/fbAQLP

exports[`Input when rendering it renders correctly 1`] = `
<section
  class="field"
>
  <!--v-if-->
  <input
    class="field__input"
    id="model"
    placeholder=""
    type="text"
  />
</section>
`;
